// Jest Snapshot v1, https://goo.gl/fbAQLP

exports[`render correctly Category component 1`] = `null`;
